-------------------------------------------------------
                  DETECT SUMMARY OUTPUT
-------------------------------------------------------
 
                    Data File Name: C:/Users/cengiz/Desktop/Github/website/_posts/2020-12-04-detect/test/rep182.dat                                         

              Number of Items used:       20

           Number of Items dropped:        0

               Number of Examinees:      250

                 Minimum Number of 
                Examinees per Cell:        2

         Number of Vectors Mutated:        4

      Maximum Number of Dimensions:       12

                Randomization Seed:    99991

   Minimum percentage of examinees
         used after deleting cells
     having less than  2 examinees:    98.40

   Average percentage of examinees
         used after deleting cells
     having less than  2 examinees:    99.40
 
-------------------------------------------------------

 NUMBER OF DIMENSIONS THAT MAXIMIZE DETECT:  5
 
  Exploratory DETECT Statistics:

              Maximum DETECT value:   0.8942
                   IDN index value:   0.7263
                           Ratio r:   0.6762

 PARTITION WITH MAXIMUM DETECT VALUE:

    1    2    2    2    3    4    2    4    2    2
    4    5    5    5    5    5    5    5    1    5

 CLUSTER MEMBERSHIPS:

   -----------CLUSTER  1-------------

    1   19

   -----------CLUSTER  2-------------

    2    3    4    7    9   10

   -----------CLUSTER  3-------------

    5

   -----------CLUSTER  4-------------

    6    8   11

   -----------CLUSTER  5-------------

   12   13   14   15   16   17   18   20
 
   ----------------------------------
 
  Covariance Sign Pattern Matrix:
   d+-+-+++-+-+---+----
   +d+----+-+--+-++--++
   -+d+++-+------------
   +-+d++++++------+-+-
   --++d+++-++--------+
   +-+++d++++++---+----
   +--+++d+-++-+--+-+--
   +++++++d--+--+----+-
   ---+-+--d--++-+----+
   ++-++++--d++----+-+-
   ----++++-+d++++---++
   +----+--+++d+---++--
   -+----+-+-++d++-++++
   -------+--+-+d++++++
   -+------+-+-++d+++++
   ++---++------++d++++
   ---+-----+-+++++d++-
   ------+----++++++d++
   -+-+---+-++-++++++d+
   -+--+---+-+-++++-++d
 
 No cross validation for this DETECT run
