-------------------------------------------------------
                  DETECT SUMMARY OUTPUT
-------------------------------------------------------
 
                    Data File Name: C:/Users/cengiz/Desktop/Github/website/_posts/2020-12-04-detect/test/rep168.dat                                         

              Number of Items used:       20

           Number of Items dropped:        0

               Number of Examinees:      250

                 Minimum Number of 
                Examinees per Cell:        2

         Number of Vectors Mutated:        4

      Maximum Number of Dimensions:       12

                Randomization Seed:    99991

   Minimum percentage of examinees
         used after deleting cells
     having less than  2 examinees:    98.80

   Average percentage of examinees
         used after deleting cells
     having less than  2 examinees:    99.88
 
-------------------------------------------------------

 NUMBER OF DIMENSIONS THAT MAXIMIZE DETECT:  6
 
  Exploratory DETECT Statistics:

              Maximum DETECT value:   0.7070
                   IDN index value:   0.7526
                           Ratio r:   0.6338

 PARTITION WITH MAXIMUM DETECT VALUE:

    1    2    3    4    3    1    1    1    1    1
    4    5    5    3    3    6    5    5    6    6

 CLUSTER MEMBERSHIPS:

   -----------CLUSTER  1-------------

    1    6    7    8    9   10

   -----------CLUSTER  2-------------

    2

   -----------CLUSTER  3-------------

    3    5   14   15

   -----------CLUSTER  4-------------

    4   11

   -----------CLUSTER  5-------------

   12   13   17   18

   -----------CLUSTER  6-------------

   16   19   20
 
   ----------------------------------
 
  Covariance Sign Pattern Matrix:
   d--+++-+---++-+-----
   -d+++++----++--+-+--
   -+d+++++----------+-
   +++d++----+---------
   ++++d+---+----------
   +++++d-+-+-++-------
   -++---d---++---+--+-
   +-+--+-d++++--+-----
   -------+d+++--+-+--+
   ----++-++d+--+++---+
   ---+--++++d--+---++-
   ++---++++--d+-----+-
   ++---+-----+d+--+---
   ---------++-+d+++--+
   +------+++---+d-++-+
   -+----+--+---+-d+-++
   --------+---++++d---
   -+--------+---+--d-+
   --+---+---++---+--d+
   --------++---+++-++d
 
 No cross validation for this DETECT run
