-------------------------------------------------------
                  DETECT SUMMARY OUTPUT
-------------------------------------------------------
 
                    Data File Name: C:/Users/cengiz/Desktop/Github/website/_posts/2020-12-04-detect/test/rep276.dat                                         

              Number of Items used:       20

           Number of Items dropped:        0

               Number of Examinees:      250

                 Minimum Number of 
                Examinees per Cell:        2

         Number of Vectors Mutated:        4

      Maximum Number of Dimensions:       12

                Randomization Seed:    99991

   Minimum percentage of examinees
         used after deleting cells
     having less than  2 examinees:    98.80

   Average percentage of examinees
         used after deleting cells
     having less than  2 examinees:    99.60
 
-------------------------------------------------------

 NUMBER OF DIMENSIONS THAT MAXIMIZE DETECT:  5
 
  Exploratory DETECT Statistics:

              Maximum DETECT value:   0.7549
                   IDN index value:   0.7000
                           Ratio r:   0.6452

 PARTITION WITH MAXIMUM DETECT VALUE:

    1    2    3    1    4    4    1    4    3    1
    5    5    5    5    5    3    5    5    3    1

 CLUSTER MEMBERSHIPS:

   -----------CLUSTER  1-------------

    1    4    7   10   20

   -----------CLUSTER  2-------------

    2

   -----------CLUSTER  3-------------

    3    9   16   19

   -----------CLUSTER  4-------------

    5    6    8

   -----------CLUSTER  5-------------

   11   12   13   14   15   17   18
 
   ----------------------------------
 
  Covariance Sign Pattern Matrix:
   d-++++--+-+--+--+--+
   -d+++-++----+-------
   ++d+++-+-+-++-+----+
   +++d++-+---+---+----
   ++++d---+--++++---+-
   +-++-d++--+---+--+--
   -+---+d+-+--+---++--
   -+++-++d++-++--+-+--
   +---+--+d++----++---
   --+---+++d---++--+--
   +----+--+-d++-+-+-+-
   --+++--+--+d+-+-+---
   -++-+-++--++d------+
   +---+----+---d--++++
   --+-++---+++--d++-++
   ---+---++-----+d+++-
   +-----+-+-++-+++d+-+
   -----+++-+---+-++d++
   ----+-----+--+++-+d+
   +-+---------+++-+++d
 
 No cross validation for this DETECT run
