-------------------------------------------------------
                  DETECT SUMMARY OUTPUT
-------------------------------------------------------
 
                    Data File Name: C:/Users/cengiz/Desktop/Github/website/_posts/2020-12-04-detect/test/rep202.dat                                         

              Number of Items used:       20

           Number of Items dropped:        0

               Number of Examinees:      250

                 Minimum Number of 
                Examinees per Cell:        2

         Number of Vectors Mutated:        4

      Maximum Number of Dimensions:       12

                Randomization Seed:    99991

   Minimum percentage of examinees
         used after deleting cells
     having less than  2 examinees:    98.40

   Average percentage of examinees
         used after deleting cells
     having less than  2 examinees:    99.27
 
-------------------------------------------------------

 NUMBER OF DIMENSIONS THAT MAXIMIZE DETECT:  4
 
  Exploratory DETECT Statistics:

              Maximum DETECT value:   0.8407
                   IDN index value:   0.7211
                           Ratio r:   0.6084

 PARTITION WITH MAXIMUM DETECT VALUE:

    1    1    2    2    3    1    1    3    1    3
    2    4    3    4    2    4    4    4    4    3

 CLUSTER MEMBERSHIPS:

   -----------CLUSTER  1-------------

    1    2    6    7    9

   -----------CLUSTER  2-------------

    3    4   11   15

   -----------CLUSTER  3-------------

    5    8   10   13   20

   -----------CLUSTER  4-------------

   12   14   16   17   18   19
 
   ----------------------------------
 
  Covariance Sign Pattern Matrix:
   d++++-+--++--++-----
   +d+++---++-+---+---+
   ++d+++-----++--++---
   +++d+-++---+----++-+
   ++++d--+---+-+--+---
   --+--d++++-----++--+
   +--+-+d+++-+-------+
   ---++++d---++--++-++
   -+---++-d-----+----+
   ++---++--d+++-------
   +--------+d+-++---+-
   -++++-++-++d+++---+-
   --+----+-+-+d+-+-+--
   +---+-----+++d+-++--
   +-------+-++-+d+++++
   -++--+-+----+-+d++++
   --++++-+-----+++d+-+
   ---+--------+++++d++
   -------+--++--++-+d+
   -+-+-++++-----+++++d
 
 No cross validation for this DETECT run
