-------------------------------------------------------
                  DETECT SUMMARY OUTPUT
-------------------------------------------------------
 
                    Data File Name: C:/Users/cengiz/Desktop/Github/website/_posts/2020-12-04-detect/test/rep287.dat                                         

              Number of Items used:       20

           Number of Items dropped:        0

               Number of Examinees:      250

                 Minimum Number of 
                Examinees per Cell:        2

         Number of Vectors Mutated:        4

      Maximum Number of Dimensions:       12

                Randomization Seed:    99991

   Minimum percentage of examinees
         used after deleting cells
     having less than  2 examinees:    98.00

   Average percentage of examinees
         used after deleting cells
     having less than  2 examinees:    98.61
 
-------------------------------------------------------

 NUMBER OF DIMENSIONS THAT MAXIMIZE DETECT:  3
 
  Exploratory DETECT Statistics:

              Maximum DETECT value:   0.7445
                   IDN index value:   0.7158
                           Ratio r:   0.6174

 PARTITION WITH MAXIMUM DETECT VALUE:

    1    1    2    1    2    2    1    3    2    1
    1    3    2    3    3    2    3    1    3    2

 CLUSTER MEMBERSHIPS:

   -----------CLUSTER  1-------------

    1    2    4    7   10   11   18

   -----------CLUSTER  2-------------

    3    5    6    9   13   16   20

   -----------CLUSTER  3-------------

    8   12   14   15   17   19
 
   ----------------------------------
 
  Covariance Sign Pattern Matrix:
   d--++-+-+++---+-----
   -d++++------+---+-++
   -+d++-++--+--+------
   +++d+++-+++---------
   ++++d+--+-----++-+--
   -+-++d+----++-+-+++-
   +-++-+d---++---++++-
   --+----d-+++++----+-
   +--++---d++--+-++---
   +--+---++d++-+--+---
   +-++--++++d++-+-----
   -----+++-++d++--+-++
   -+---+-+--++d+---+-+
   --+----+++-++d--+---
   +---++----+---d-++++
   ----+-+-+------d++++
   -+---++-++-+-+++d-++
   ----+++-----+-++-d++
   -+---+++---+--++++d+
   -+---------++-+++++d
 
 No cross validation for this DETECT run
