-------------------------------------------------------
                  DETECT SUMMARY OUTPUT
-------------------------------------------------------
 
                    Data File Name: C:/Users/cengiz/Desktop/Github/website/_posts/2020-12-04-detect/test/rep303.dat                                         

              Number of Items used:       20

           Number of Items dropped:        0

               Number of Examinees:      250

                 Minimum Number of 
                Examinees per Cell:        2

         Number of Vectors Mutated:        4

      Maximum Number of Dimensions:       12

                Randomization Seed:    99991

   Minimum percentage of examinees
         used after deleting cells
     having less than  2 examinees:    98.40

   Average percentage of examinees
         used after deleting cells
     having less than  2 examinees:    99.36
 
-------------------------------------------------------

 NUMBER OF DIMENSIONS THAT MAXIMIZE DETECT:  4
 
  Exploratory DETECT Statistics:

              Maximum DETECT value:   0.6713
                   IDN index value:   0.6789
                           Ratio r:   0.5739

 PARTITION WITH MAXIMUM DETECT VALUE:

    1    2    1    3    2    3    1    3    3    1
    1    4    4    4    4    4    4    4    1    2

 CLUSTER MEMBERSHIPS:

   -----------CLUSTER  1-------------

    1    3    7   10   11   19

   -----------CLUSTER  2-------------

    2    5   20

   -----------CLUSTER  3-------------

    4    6    8    9

   -----------CLUSTER  4-------------

   12   13   14   15   16   17   18
 
   ----------------------------------
 
  Covariance Sign Pattern Matrix:
   d+++---+-++---+-----
   +d++-+++--+---+----+
   ++d+++----+++---+--+
   +++d+++--++++-------
   --++d-----+--+--+-+-
   -+++-d--++---+++-+-+
   -+-+--d++--++--+----
   ++----+d+-++-+----+-
   -----+++d---++-+----
   +--+-+---d++++-++---
   +++++--+-+d++-+++-+-
   --++--++-++d+----+-+
   --++--+-++++d-+-----
   ----++-+++---d-++++-
   ++---+----+-+-d+-+--
   -----++-+++--++d++++
   --+-+----++--+-+d+-+
   -----+-----+-++++d++
   ----+--+--+--+-+-+d-
   -++--+-----+---+++-d
 
 No cross validation for this DETECT run
