-------------------------------------------------------
                  DETECT SUMMARY OUTPUT
-------------------------------------------------------
 
                    Data File Name: C:/Users/cengiz/Desktop/Github/website/_posts/2020-12-04-detect/test/rep311.dat                                         

              Number of Items used:       20

           Number of Items dropped:        0

               Number of Examinees:      250

                 Minimum Number of 
                Examinees per Cell:        2

         Number of Vectors Mutated:        4

      Maximum Number of Dimensions:       12

                Randomization Seed:    99991

   Minimum percentage of examinees
         used after deleting cells
     having less than  2 examinees:    98.00

   Average percentage of examinees
         used after deleting cells
     having less than  2 examinees:    99.09
 
-------------------------------------------------------

 NUMBER OF DIMENSIONS THAT MAXIMIZE DETECT:  5
 
  Exploratory DETECT Statistics:

              Maximum DETECT value:   0.7452
                   IDN index value:   0.6947
                           Ratio r:   0.6352

 PARTITION WITH MAXIMUM DETECT VALUE:

    1    1    2    2    3    1    4    2    2    2
    5    5    4    1    4    5    4    4    5    5

 CLUSTER MEMBERSHIPS:

   -----------CLUSTER  1-------------

    1    2    6   14

   -----------CLUSTER  2-------------

    3    4    8    9   10

   -----------CLUSTER  3-------------

    5

   -----------CLUSTER  4-------------

    7   13   15   17   18

   -----------CLUSTER  5-------------

   11   12   16   19   20
 
   ----------------------------------
 
  Covariance Sign Pattern Matrix:
   d-+++-+--+-+--------
   -d+++--+------++----
   ++d--++-+-------+---
   ++-d+--+---++-+-+--+
   ++-+d+-++-+---------
   --+-+d++++++---+--+-
   +-+--+d-+-+----+-+-+
   -+-+++-d+-----------
   --+-++++d-----++---+
   +----+---d--++---++-
   ----+++---d++++-+++-
   +--+-+----+d+-++----
   ---+-----+++d+++-+++
   ---------++-+d--+-++
   -+-+----+-+++-d-+--+
   -+---++-+--++--d++--
   --++------+--+++d+++
   ------+--++-+--++d-+
   -----+---++-++--+-d+
   ---+--+-+---+++-+++d
 
 No cross validation for this DETECT run
