-------------------------------------------------------
                  DETECT SUMMARY OUTPUT
-------------------------------------------------------
 
                    Data File Name: C:/Users/cengiz/Desktop/Github/website/_posts/2020-12-04-detect/test/rep480.dat                                         

              Number of Items used:       20

           Number of Items dropped:        0

               Number of Examinees:      250

                 Minimum Number of 
                Examinees per Cell:        2

         Number of Vectors Mutated:        4

      Maximum Number of Dimensions:       12

                Randomization Seed:    99991

   Minimum percentage of examinees
         used after deleting cells
     having less than  2 examinees:    97.20

   Average percentage of examinees
         used after deleting cells
     having less than  2 examinees:    99.08
 
-------------------------------------------------------

 NUMBER OF DIMENSIONS THAT MAXIMIZE DETECT:  4
 
  Exploratory DETECT Statistics:

              Maximum DETECT value:   0.7545
                   IDN index value:   0.7158
                           Ratio r:   0.6273

 PARTITION WITH MAXIMUM DETECT VALUE:

    1    2    3    4    4    4    4    4    4    4
    1    2    3    1    2    3    1    1    2    3

 CLUSTER MEMBERSHIPS:

   -----------CLUSTER  1-------------

    1   11   14   17   18

   -----------CLUSTER  2-------------

    2   12   15   19

   -----------CLUSTER  3-------------

    3   13   16   20

   -----------CLUSTER  4-------------

    4    5    6    7    8    9   10
 
   ----------------------------------
 
  Covariance Sign Pattern Matrix:
   d++-+-------+-----+-
   +d+++-+------+++----
   ++d++-----+--++-----
   -++d+-++---++------+
   ++++d-----++---+-+-+
   -----d++++---+--+---
   -+-+-+d++-+--------+
   ---+-++d---++---++--
   -----++-d+----++--+-
   -----+--+d++++-++---
   --+-+-+--+d+-+--+-++
   ---++--+-++d+---++--
   +--+---+-+-+d--+-+--
   -++--+---++--d++--++
   -++-----+----+d+-+--
   -+--+---++--+++d++--
   -----+-+-+++---+d+++
   ----+--+---++-+++d+-
   +-------+-+--+--++d+
   ---++-+---+--+--+-+d
 
 No cross validation for this DETECT run
