-------------------------------------------------------
                  DETECT SUMMARY OUTPUT
-------------------------------------------------------
 
                    Data File Name: C:/Users/cengiz/Desktop/Github/website/_posts/2020-12-04-detect/test/rep40.dat                                          

              Number of Items used:       20

           Number of Items dropped:        0

               Number of Examinees:      250

                 Minimum Number of 
                Examinees per Cell:        2

         Number of Vectors Mutated:        4

      Maximum Number of Dimensions:       12

                Randomization Seed:    99991

   Minimum percentage of examinees
         used after deleting cells
     having less than  2 examinees:    98.40

   Average percentage of examinees
         used after deleting cells
     having less than  2 examinees:    99.29
 
-------------------------------------------------------

 NUMBER OF DIMENSIONS THAT MAXIMIZE DETECT:  4
 
  Exploratory DETECT Statistics:

              Maximum DETECT value:   0.7583
                   IDN index value:   0.7526
                           Ratio r:   0.6219

 PARTITION WITH MAXIMUM DETECT VALUE:

    1    2    3    1    1    3    1    3    3    1
    2    3    3    4    2    2    2    2    3    4

 CLUSTER MEMBERSHIPS:

   -----------CLUSTER  1-------------

    1    4    5    7   10

   -----------CLUSTER  2-------------

    2   11   15   16   17   18

   -----------CLUSTER  3-------------

    3    6    8    9   12   13   19

   -----------CLUSTER  4-------------

   14   20
 
   ----------------------------------
 
  Covariance Sign Pattern Matrix:
   d++++++-------------
   +d+++----+---++-----
   ++d++-----------+---
   +++d+-+-----+-+---+-
   ++++d------+--++--+-
   +----d+-++--++-----+
   +--+-+d--++----+++--
   -------d+++----+--++
   -----+-+d+++-+-++-+-
   -+---++++d+--+----+-
   ------++++d------+-+
   ----+---+--d++++-+++
   ---+-+-----+d+++-+++
   -+---+--++-++d--++--
   -+-++------++-d+++--
   ----+-+++--++-+d+-+-
   --+---+-+----+++d+--
   ------+---+++++-+d-+
   ---++--+++-++--+--d+
   -----+-+--+++----++d
 
 No cross validation for this DETECT run
