-------------------------------------------------------
                  DETECT SUMMARY OUTPUT
-------------------------------------------------------
 
                    Data File Name: C:/Users/cengiz/Desktop/Github/website/_posts/2020-12-04-detect/test/rep528.dat                                         

              Number of Items used:       20

           Number of Items dropped:        0

               Number of Examinees:      250

                 Minimum Number of 
                Examinees per Cell:        2

         Number of Vectors Mutated:        4

      Maximum Number of Dimensions:       12

                Randomization Seed:    99991

   Minimum percentage of examinees
         used after deleting cells
     having less than  2 examinees:    98.00

   Average percentage of examinees
         used after deleting cells
     having less than  2 examinees:    98.82
 
-------------------------------------------------------

 NUMBER OF DIMENSIONS THAT MAXIMIZE DETECT:  5
 
  Exploratory DETECT Statistics:

              Maximum DETECT value:   0.7959
                   IDN index value:   0.7053
                           Ratio r:   0.6462

 PARTITION WITH MAXIMUM DETECT VALUE:

    1    2    2    2    3    1    2    3    2    3
    4    4    4    3    4    5    4    4    3    3

 CLUSTER MEMBERSHIPS:

   -----------CLUSTER  1-------------

    1    6

   -----------CLUSTER  2-------------

    2    3    4    7    9

   -----------CLUSTER  3-------------

    5    8   10   14   19   20

   -----------CLUSTER  4-------------

   11   12   13   15   17   18

   -----------CLUSTER  5-------------

   16
 
   ----------------------------------
 
  Covariance Sign Pattern Matrix:
   d+----++-++-+-++----
   +d+++----++----+--+-
   -+d++++++--+------+-
   -++d+++--+---++----+
   -+++d+-++------+++--
   --+++d+-++----+-+--+
   +-++-+d+++-+----+---
   +-+-+-+d++++++---+--
   --+-++++d++++------+
   ++-+-++++d+++-----++
   ++-----+++d-+----++-
   --+---++++-d++------
   +------+++++d----+++
   ---+---+---+-d-+++--
   +--+-+--------d-++++
   ++--+--------+-d+++-
   ----+++------+++d+--
   ----+--+--+-+++++d++
   -++------++-+-++-+d-
   ---+-+--++--+-+--+-d
 
 No cross validation for this DETECT run
