-------------------------------------------------------
                  DETECT SUMMARY OUTPUT
-------------------------------------------------------
 
                    Data File Name: C:/Users/cengiz/Desktop/Github/website/_posts/2020-12-04-detect/test/rep532.dat                                         

              Number of Items used:       20

           Number of Items dropped:        0

               Number of Examinees:      250

                 Minimum Number of 
                Examinees per Cell:        2

         Number of Vectors Mutated:        4

      Maximum Number of Dimensions:       12

                Randomization Seed:    99991

   Minimum percentage of examinees
         used after deleting cells
     having less than  2 examinees:    98.40

   Average percentage of examinees
         used after deleting cells
     having less than  2 examinees:    99.26
 
-------------------------------------------------------

 NUMBER OF DIMENSIONS THAT MAXIMIZE DETECT:  4
 
  Exploratory DETECT Statistics:

              Maximum DETECT value:   0.8551
                   IDN index value:   0.7579
                           Ratio r:   0.6395

 PARTITION WITH MAXIMUM DETECT VALUE:

    1    2    3    1    4    1    1    1    1    1
    2    2    3    3    1    2    3    3    2    3

 CLUSTER MEMBERSHIPS:

   -----------CLUSTER  1-------------

    1    4    6    7    8    9   10   15

   -----------CLUSTER  2-------------

    2   11   12   16   19

   -----------CLUSTER  3-------------

    3   13   14   17   18   20

   -----------CLUSTER  4-------------

    5
 
   ----------------------------------
 
  Covariance Sign Pattern Matrix:
   d++--+++-++---+-+---
   +d++++++---+-------+
   ++d++++-----+------+
   -++d++++--+--+-+--++
   -+++d+++--+---------
   +++++d+++----++-----
   ++++++d-+--+------+-
   ++-+++-d+---+-++-+--
   -----+++d+--+---+--+
   +-------+d++++---+--
   +--++----+d++---+++-
   -+----+--++d++-+----
   --+----+++++d--++---
   ---+-+---+-+-d++++++
   +----+-+-----+d++++-
   ---+---+---++++d+++-
   +-------+-+-++++d+-+
   -------+-++--++++d++
   ---+--+---+--+++-+d-
   -+++----+----+--++-d
 
 No cross validation for this DETECT run
