-------------------------------------------------------
                  DETECT SUMMARY OUTPUT
-------------------------------------------------------
 
                    Data File Name: C:/Users/cengiz/Desktop/Github/website/_posts/2020-12-04-detect/test/rep603.dat                                         

              Number of Items used:       20

           Number of Items dropped:        0

               Number of Examinees:      250

                 Minimum Number of 
                Examinees per Cell:        2

         Number of Vectors Mutated:        4

      Maximum Number of Dimensions:       12

                Randomization Seed:    99991

   Minimum percentage of examinees
         used after deleting cells
     having less than  2 examinees:    98.40

   Average percentage of examinees
         used after deleting cells
     having less than  2 examinees:    99.62
 
-------------------------------------------------------

 NUMBER OF DIMENSIONS THAT MAXIMIZE DETECT:  4
 
  Exploratory DETECT Statistics:

              Maximum DETECT value:   0.7172
                   IDN index value:   0.6947
                           Ratio r:   0.5625

 PARTITION WITH MAXIMUM DETECT VALUE:

    1    2    3    1    3    3    1    2    3    1
    4    2    2    3    4    4    4    3    2    4

 CLUSTER MEMBERSHIPS:

   -----------CLUSTER  1-------------

    1    4    7   10

   -----------CLUSTER  2-------------

    2    8   12   13   19

   -----------CLUSTER  3-------------

    3    5    6    9   14   18

   -----------CLUSTER  4-------------

   11   15   16   17   20
 
   ----------------------------------
 
  Covariance Sign Pattern Matrix:
   d+++++++-------+----
   +d+++----++-+-+-----
   ++d++----++++-----+-
   +++d---+-+-+-+-+---+
   +++-d+++-+---------+
   +---+d-+++--+-++--+-
   +---+-d++++----++-+-
   +--++++d+----+---++-
   -----+++d+-+-++-----
   -++++++-+d+++---+---
   -++---+--+d+++--+---
   --++----+++d+++--+--
   -++--+---+++d-++-+--
   ---+---++-++-d+--++-
   -+---+--+--+++d++--+
   +--+-++-----+-+d++++
   ------+--++---++d+++
   -------+---+++-++d-+
   --+--+++-----+-++-d+
   ---++---------+++++d
 
 No cross validation for this DETECT run
