-------------------------------------------------------
                  DETECT SUMMARY OUTPUT
-------------------------------------------------------
 
                    Data File Name: C:/Users/cengiz/Desktop/Github/website/_posts/2020-12-04-detect/test/rep658.dat                                         

              Number of Items used:       20

           Number of Items dropped:        0

               Number of Examinees:      250

                 Minimum Number of 
                Examinees per Cell:        2

         Number of Vectors Mutated:        4

      Maximum Number of Dimensions:       12

                Randomization Seed:    99991

   Minimum percentage of examinees
         used after deleting cells
     having less than  2 examinees:    98.80

   Average percentage of examinees
         used after deleting cells
     having less than  2 examinees:    99.86
 
-------------------------------------------------------

 NUMBER OF DIMENSIONS THAT MAXIMIZE DETECT:  4
 
  Exploratory DETECT Statistics:

              Maximum DETECT value:   0.8136
                   IDN index value:   0.7211
                           Ratio r:   0.6500

 PARTITION WITH MAXIMUM DETECT VALUE:

    1    2    1    1    2    1    1    3    2    1
    2    3    3    3    3    4    3    3    3    3

 CLUSTER MEMBERSHIPS:

   -----------CLUSTER  1-------------

    1    3    4    6    7   10

   -----------CLUSTER  2-------------

    2    5    9   11

   -----------CLUSTER  3-------------

    8   12   13   14   15   17   18   19   20

   -----------CLUSTER  4-------------

   16
 
   ----------------------------------
 
  Covariance Sign Pattern Matrix:
   d++++----++---------
   +d++++---+------++-+
   ++d+-+-++-+------+--
   +++d+++-+-------+---
   ++-+d+--+-+-+-+---+-
   -++++d+-+-+---+---++
   ---+-+d++---+---+--+
   --+---+d++----+---+-
   --++++++d++++-------
   ++-----++d-++--+-+--
   +-+-++--+-d----++-+-
   --------++-d++-+++++
   ----+-+-++-+d++++++-
   -----------++d++++++
   ----++-+----++d++-+-
   ---------++++++d++++
   -+-+--+---++++++d+--
   -++------+-+++-++d-+
   ----++-+--++++++--d+
   -+---++----+-+-+-++d
 
 No cross validation for this DETECT run
