-------------------------------------------------------
                  DETECT SUMMARY OUTPUT
-------------------------------------------------------
 
                    Data File Name: C:/Users/cengiz/Desktop/Github/website/_posts/2020-12-04-detect/test/rep760.dat                                         

              Number of Items used:       20

           Number of Items dropped:        0

               Number of Examinees:      250

                 Minimum Number of 
                Examinees per Cell:        2

         Number of Vectors Mutated:        4

      Maximum Number of Dimensions:       12

                Randomization Seed:    99991

   Minimum percentage of examinees
         used after deleting cells
     having less than  2 examinees:    98.00

   Average percentage of examinees
         used after deleting cells
     having less than  2 examinees:    98.83
 
-------------------------------------------------------

 NUMBER OF DIMENSIONS THAT MAXIMIZE DETECT:  5
 
  Exploratory DETECT Statistics:

              Maximum DETECT value:   0.7998
                   IDN index value:   0.7316
                           Ratio r:   0.6121

 PARTITION WITH MAXIMUM DETECT VALUE:

    1    2    2    2    1    3    1    3    2    1
    4    5    5    5    3    5    3    5    1    5

 CLUSTER MEMBERSHIPS:

   -----------CLUSTER  1-------------

    1    5    7   10   19

   -----------CLUSTER  2-------------

    2    3    4    9

   -----------CLUSTER  3-------------

    6    8   15   17

   -----------CLUSTER  4-------------

   11

   -----------CLUSTER  5-------------

   12   13   14   16   18   20
 
   ----------------------------------
 
  Covariance Sign Pattern Matrix:
   d+++-++-++----------
   +d+++---+++-+------+
   ++d+++++++---------+
   +++d++---+-+-+------
   -+++d+---+--+-+-----
   +-+++d++----++-+----
   +-+--+d++++-+-+--+--
   --+--++d+-+---------
   +++---++d+---+---+-+
   +++++-+-+d+++-+--+--
   -+----++-+d++-+---+-
   ---+-----++d+-+-++--
   -+--+++--+++d-+-+---
   ---+-+--+----d----++
   ----+-+--++++-d++++-
   -----+--------+d++++
   -----------++-++d-++
   ------+-++-+--++-d++
   ----------+--+++++d+
   -++-----+----+-++++d
 
 No cross validation for this DETECT run
