-------------------------------------------------------
                  DETECT SUMMARY OUTPUT
-------------------------------------------------------
 
                    Data File Name: C:/Users/cengiz/Desktop/Github/website/_posts/2020-12-04-detect/test/rep940.dat                                         

              Number of Items used:       20

           Number of Items dropped:        0

               Number of Examinees:      250

                 Minimum Number of 
                Examinees per Cell:        2

         Number of Vectors Mutated:        4

      Maximum Number of Dimensions:       12

                Randomization Seed:    99991

   Minimum percentage of examinees
         used after deleting cells
     having less than  2 examinees:    98.00

   Average percentage of examinees
         used after deleting cells
     having less than  2 examinees:    98.97
 
-------------------------------------------------------

 NUMBER OF DIMENSIONS THAT MAXIMIZE DETECT:  4
 
  Exploratory DETECT Statistics:

              Maximum DETECT value:   0.8192
                   IDN index value:   0.6789
                           Ratio r:   0.6081

 PARTITION WITH MAXIMUM DETECT VALUE:

    1    2    2    2    1    2    2    3    1    2
    4    1    3    4    4    1    4    1    3    1

 CLUSTER MEMBERSHIPS:

   -----------CLUSTER  1-------------

    1    5    9   12   16   18   20

   -----------CLUSTER  2-------------

    2    3    4    6    7   10

   -----------CLUSTER  3-------------

    8   13   19

   -----------CLUSTER  4-------------

   11   14   15   17
 
   ----------------------------------
 
  Covariance Sign Pattern Matrix:
   d-+++++++-++--+---+-
   -d+++---+--+++------
   ++d-+++-+-+++------+
   ++-d++++------+-+-++
   ++++d++------+++++-+
   +-+++d+--+---++-+++-
   +-++++d+-------++---
   +--+--+d-++++-++----
   +++-----d+++++------
   -----+-++d+++---+++-
   +-+----+++d+++----++
   +++----++++d----++--
   -++----++++-d+--+-+-
   -+--++--+-+-+d++++--
   +--+++-+-----+d+--+-
   ----+-++-----++d-+++
   ---++++--+-+++--d+++
   ----++---+-+-+-++d++
   +--+-+---++-+-++++d+
   --+++-----+----++++d
 
 No cross validation for this DETECT run
