-------------------------------------------------------
                  DETECT SUMMARY OUTPUT
-------------------------------------------------------
 
                    Data File Name: C:/Users/cengiz/Desktop/Github/website/_posts/2020-12-04-detect/test/rep177.dat                                         

              Number of Items used:       20

           Number of Items dropped:        0

               Number of Examinees:      250

                 Minimum Number of 
                Examinees per Cell:        2

         Number of Vectors Mutated:        4

      Maximum Number of Dimensions:       12

                Randomization Seed:    99991

   Minimum percentage of examinees
         used after deleting cells
     having less than  2 examinees:    98.40

   Average percentage of examinees
         used after deleting cells
     having less than  2 examinees:    99.38
 
-------------------------------------------------------

 NUMBER OF DIMENSIONS THAT MAXIMIZE DETECT:  5
 
  Exploratory DETECT Statistics:

              Maximum DETECT value:   0.6509
                   IDN index value:   0.6947
                           Ratio r:   0.5947

 PARTITION WITH MAXIMUM DETECT VALUE:

    1    1    1    1    2    3    1    4    1    4
    5    5    5    5    5    5    3    3    3    5

 CLUSTER MEMBERSHIPS:

   -----------CLUSTER  1-------------

    1    2    3    4    7    9

   -----------CLUSTER  2-------------

    5

   -----------CLUSTER  3-------------

    6   17   18   19

   -----------CLUSTER  4-------------

    8   10

   -----------CLUSTER  5-------------

   11   12   13   14   15   16   20
 
   ----------------------------------
 
  Covariance Sign Pattern Matrix:
   d+++-+-++-+-+--+---+
   +d-++-++--+-+-------
   +-d++++--+-+---+----
   +++d++++-+----------
   -+++d+---+---+--++-+
   +-+++d-+----++-+----
   -+++--d+-----++-+---
   ++-+-++d+++------++-
   +------+d++-+-+-++++
   --+++--++d++-+----++
   ++-----+++d--+-+-++-
   --+------+-d++-----+
   ++---+--+--+d----+-+
   ----+++--+++-d-++-+-
   ------+-+-----d+++++
   +-+--+----+--++d++-+
   ----+-+-+----+++d+++
   ----+--++-+-+-+++d+-
   -------++++--++-++d+
   +---+---++-++-+++-+d
 
 No cross validation for this DETECT run
