-------------------------------------------------------
                  DETECT SUMMARY OUTPUT
-------------------------------------------------------
 
                    Data File Name: C:/Users/cengiz/Desktop/Github/website/_posts/2020-12-04-detect/test/rep231.dat                                         

              Number of Items used:       20

           Number of Items dropped:        0

               Number of Examinees:      250

                 Minimum Number of 
                Examinees per Cell:        2

         Number of Vectors Mutated:        4

      Maximum Number of Dimensions:       12

                Randomization Seed:    99991

   Minimum percentage of examinees
         used after deleting cells
     having less than  2 examinees:    98.80

   Average percentage of examinees
         used after deleting cells
     having less than  2 examinees:    99.34
 
-------------------------------------------------------

 NUMBER OF DIMENSIONS THAT MAXIMIZE DETECT:  4
 
  Exploratory DETECT Statistics:

              Maximum DETECT value:   0.7607
                   IDN index value:   0.7263
                           Ratio r:   0.6168

 PARTITION WITH MAXIMUM DETECT VALUE:

    1    1    2    2    2    1    3    2    2    3
    4    3    3    3    4    4    3    3    4    3

 CLUSTER MEMBERSHIPS:

   -----------CLUSTER  1-------------

    1    2    6

   -----------CLUSTER  2-------------

    3    4    5    8    9

   -----------CLUSTER  3-------------

    7   10   12   13   14   17   18   20

   -----------CLUSTER  4-------------

   11   15   16   19
 
   ----------------------------------
 
  Covariance Sign Pattern Matrix:
   d+++-+--+--------+--
   +d+++--+-+-+--+--+-+
   ++d-+----++-+--+--+-
   ++-d-++++-----+-----
   -++-d+-++--+-+-+---+
   +--++d++--+-+---+---
   ---+-+d+------+--+--
   -+-++++d----+----++-
   +--++---d+++++-+----
   -++-----+d-+++-+---+
   --+--+--+-d+++++--++
   -+--+---+++d-++++-+-
   --+--+-++++-d---++--
   ----+---++++-d++--+-
   -+-+--+---++-+d+---+
   --+-+---++++-++d+---
   -----+-----++--+d+++
   ++----++----+---+d++
   --+----+--++-+--++d+
   -+--+----++---+-+++d
 
 No cross validation for this DETECT run
