-------------------------------------------------------
                  DETECT SUMMARY OUTPUT
-------------------------------------------------------
 
                    Data File Name: C:/Users/cengiz/Desktop/Github/website/_posts/2020-12-04-detect/test/rep335.dat                                         

              Number of Items used:       20

           Number of Items dropped:        0

               Number of Examinees:      250

                 Minimum Number of 
                Examinees per Cell:        2

         Number of Vectors Mutated:        4

      Maximum Number of Dimensions:       12

                Randomization Seed:    99991

   Minimum percentage of examinees
         used after deleting cells
     having less than  2 examinees:    98.80

   Average percentage of examinees
         used after deleting cells
     having less than  2 examinees:    99.64
 
-------------------------------------------------------

 NUMBER OF DIMENSIONS THAT MAXIMIZE DETECT:  6
 
  Exploratory DETECT Statistics:

              Maximum DETECT value:   0.6767
                   IDN index value:   0.6895
                           Ratio r:   0.6037

 PARTITION WITH MAXIMUM DETECT VALUE:

    1    2    2    2    3    4    2    4    2    5
    1    3    1    3    6    5    6    1    3    4

 CLUSTER MEMBERSHIPS:

   -----------CLUSTER  1-------------

    1   11   13   18

   -----------CLUSTER  2-------------

    2    3    4    7    9

   -----------CLUSTER  3-------------

    5   12   14   19

   -----------CLUSTER  4-------------

    6    8   20

   -----------CLUSTER  5-------------

   10   16

   -----------CLUSTER  6-------------

   15   17
 
   ----------------------------------
 
  Covariance Sign Pattern Matrix:
   d++--+-+-+---+----++
   +d++--+---++++-+----
   ++d+---------------+
   -++d-+----+++-++-+--
   ----d++++-----++--+-
   +--++d++++--+--+----
   -+--++d-+-+-++--++--
   +---++-d+--+-+++++--
   ----++++d-----+-----
   +----+---d+++-+-----
   -+-+--+--+d++---++++
   -+-+---+-++d+---++++
   -+-+-++--+++d----+--
   ++----++-----d+-+-+-
   ---++--+++---+d++-+-
   -+-+++-+------+d+++-
   ------++--++-+++d+-+
   ---+--++--+++--++d--
   +---+-----++-+++--d+
   +-+-------++----+-+d
 
 No cross validation for this DETECT run
