-------------------------------------------------------
                  DETECT SUMMARY OUTPUT
-------------------------------------------------------
 
                    Data File Name: C:/Users/cengiz/Desktop/Github/website/_posts/2020-12-04-detect/test/rep472.dat                                         

              Number of Items used:       20

           Number of Items dropped:        0

               Number of Examinees:      250

                 Minimum Number of 
                Examinees per Cell:        2

         Number of Vectors Mutated:        4

      Maximum Number of Dimensions:       12

                Randomization Seed:    99991

   Minimum percentage of examinees
         used after deleting cells
     having less than  2 examinees:    98.00

   Average percentage of examinees
         used after deleting cells
     having less than  2 examinees:    99.30
 
-------------------------------------------------------

 NUMBER OF DIMENSIONS THAT MAXIMIZE DETECT:  4
 
  Exploratory DETECT Statistics:

              Maximum DETECT value:   0.6448
                   IDN index value:   0.6842
                           Ratio r:   0.5450

 PARTITION WITH MAXIMUM DETECT VALUE:

    1    2    3    1    1    3    3    1    1    2
    1    4    4    4    4    4    2    3    2    3

 CLUSTER MEMBERSHIPS:

   -----------CLUSTER  1-------------

    1    4    5    8    9   11

   -----------CLUSTER  2-------------

    2   10   17   19

   -----------CLUSTER  3-------------

    3    6    7   18   20

   -----------CLUSTER  4-------------

   12   13   14   15   16
 
   ----------------------------------
 
  Covariance Sign Pattern Matrix:
   d+++---+---+--+---+-
   +d+++-----++----+++-
   ++d+++---++--------+
   +++d+--++---++------
   -+++d+-+--+++-----+-
   --+-+d---+--+---+-+-
   ------d++++--+-+----
   +--++-+d++-+-++---+-
   ---+--++d+---++++-++
   --+--++++d+-----++--
   -++-+-+--+d-+++--+-+
   ++--+--+---d+-+++--+
   ---+++----++d+++----
   ---+--+++-+-+d++++--
   +------++-++++d+--+-
   ------+-+--++++d++++
   -+---+--++-+-+-+d-+-
   -+-------++--+-+-d++
   ++--++-++-----++++d+
   --+-----+-++---+-++d
 
 No cross validation for this DETECT run
