-------------------------------------------------------
                  DETECT SUMMARY OUTPUT
-------------------------------------------------------
 
                    Data File Name: C:/Users/cengiz/Desktop/Github/website/_posts/2020-12-04-detect/test/rep988.dat                                         

              Number of Items used:       20

           Number of Items dropped:        0

               Number of Examinees:      250

                 Minimum Number of 
                Examinees per Cell:        2

         Number of Vectors Mutated:        4

      Maximum Number of Dimensions:       12

                Randomization Seed:    99991

   Minimum percentage of examinees
         used after deleting cells
     having less than  2 examinees:    98.00

   Average percentage of examinees
         used after deleting cells
     having less than  2 examinees:    98.97
 
-------------------------------------------------------

 NUMBER OF DIMENSIONS THAT MAXIMIZE DETECT:  5
 
  Exploratory DETECT Statistics:

              Maximum DETECT value:   0.6585
                   IDN index value:   0.6737
                           Ratio r:   0.5605

 PARTITION WITH MAXIMUM DETECT VALUE:

    1    2    3    2    1    4    4    1    2    3
    3    4    3    3    4    4    1    4    4    5

 CLUSTER MEMBERSHIPS:

   -----------CLUSTER  1-------------

    1    5    8   17

   -----------CLUSTER  2-------------

    2    4    9

   -----------CLUSTER  3-------------

    3   10   11   13   14

   -----------CLUSTER  4-------------

    6    7   12   15   16   18   19

   -----------CLUSTER  5-------------

   20
 
   ----------------------------------
 
  Covariance Sign Pattern Matrix:
   d+++---+-+-++-++----
   +d++--+----+-+-+-+--
   ++d+-+--+-+--+-----+
   +++d++----+---+--+++
   ---+d++++---+---+--+
   --+++d+------+-+----
   -+--++d+---+++---+--
   +---+-+d-+-++---+---
   --+-+---d++-++----+-
   +------++d++-++++-++
   --++----++d+---+-++-
   ++----++-++d--++---+
   +---+-+++---d+++--+-
   -++--++-++--+d-+-+--
   +--+-----+-++-d+++++
   ++---+---++++++d+-+-
   ----+--+-+----++d++-
   -+-+--+---+--++-+d+-
   ---+----+++-+-++++d-
   --+++----+-+--+----d
 
 No cross validation for this DETECT run
